main.c:107:6:UartEcho	8	static
main.c:126:5:UartPrint	24	static
main.c:146:5:UartPrintInt	32	static
main.c:166:5:UartReadInt	40	static
main.c:189:6:HAL_UART_RxCpltCallback	16	static
main.c:199:6:HAL_UART_TxCpltCallback	16	static
main.c:211:13:HAL_Delay	24	static
main.c:240:9:moveAlpha	32	static
main.c:307:9:moveBeta	32	static
main.c:371:9:moveGamma	32	static
main.c:436:9:moveZero	32	static
main.c:492:6:closeGrip	16	static
main.c:505:6:openGrip	16	static
main.c:519:9:PozycjaPoczatkowa	8	static
main.c:545:9:UstawManipulator	88	static
main.c:627:9:MoveL	40	static
main.c:936:5:main	64	static
main.c:1115:6:SystemClock_Config	72	static
main.c:1152:6:Error_Handler	8	static
